[22:54:18] 📋 [tyler] ━━━ Starting warming session ━━━
[22:54:21] 📋 [tyler] Browser started (success)
[22:54:27] 📋 [tyler] Logged in ✅ — starting warm content consumption
[22:54:27] 📋 [tyler] Searching: "porsche 911"
[22:54:32] 📋 [tyler] Switching to FYP
[22:54:55] 🎯 [tyler] ❤️ FYP Like 1
[22:56:08] 🎯 [tyler] ❤️ FYP Like 2
[22:56:21] ✅ [tyler] Session complete: 7 videos, 2 likes (session #1)
[22:57:28] 📋 [chloe] ━━━ Starting warming session ━━━
[22:57:30] 📋 [chloe] Browser started (success)
[22:57:36] 📋 [chloe] Logged in ✅ — starting warm content consumption
[22:57:36] 📋 [chloe] Searching: "bmw drift"
[22:57:41] 📋 [chloe] Switching to FYP
[22:58:15] 🎯 [chloe] ❤️ FYP Like 1
[22:58:47] 🎯 [chloe] ❤️ FYP Like 2
[22:58:59] 🎯 [chloe] ❤️ FYP Like 3
[22:59:31] ✅ [chloe] Session complete: 7 videos, 3 likes (session #1)
[23:00:38] 📋 [marcus] ━━━ Starting warming session ━━━
[23:00:43] 📋 [marcus] Browser started (success)
[23:00:54] ⚠️ [marcus] Not logged in — attempting login...
[23:00:54] 📋 [marcus] Logging in via email...
[23:01:19] ❌ [marcus] Login failed. URL: https://www.tiktok.com/login/phone-or-email/email
[23:01:19] ❌ [marcus] Login failed — skipping session
